<?xml version="1.0" encoding="UTF-8"?>
<testsuites name="jest tests" tests="7" failures="1" errors="0" time="3.773">
  <testsuite name="Utils test" errors="0" failures="0" skipped="0" timestamp="2022-05-22T21:16:56" time="2.585" tests="5">
    <testcase classname="Utils test getRequestParams test" name="Utils test getRequestParams test" time="0.003">
    </testcase>
    <testcase classname="Utils test getRequestParams invalid int test" name="Utils test getRequestParams invalid int test" time="0">
    </testcase>
    <testcase classname="Utils test safeJSON parse test" name="Utils test safeJSON parse test" time="0">
    </testcase>
    <testcase classname="Utils test safeJSON stringify test" name="Utils test safeJSON stringify test" time="0.001">
    </testcase>
    <testcase classname="Utils test safeJSON parse test fail" name="Utils test safeJSON parse test fail" time="0.009">
    </testcase>
  </testsuite>
  <testsuite name="LRUCache test" errors="0" failures="1" skipped="0" timestamp="2022-05-22T21:16:56" time="2.72" tests="2">
    <testcase classname="LRUCache test LRUCache get test" name="LRUCache test LRUCache get test" time="0.079">
    </testcase>
    <testcase classname="LRUCache test LRUCache get exchangeRateResolver called test" name="LRUCache test LRUCache get exchangeRateResolver called test" time="0.005">
      <failure>Error: expect(received).toHaveBeenCalled()

Matcher error: received value must be a mock or spy function

Received has type:  function
Received has value: [Function exchangeRateResolver]
    at Object.&lt;anonymous&gt; (/Users/mantastrasauskas/Workspace/Personal/Symplex/currency_exchange/tests/lrucache.test.js:20:38)
    at Promise.then.completed (/Users/mantastrasauskas/Workspace/Personal/Symplex/currency_exchange/node_modules/jest-circus/build/utils.js:333:28)
    at new Promise (&lt;anonymous&gt;)
    at callAsyncCircusFn (/Users/mantastrasauskas/Workspace/Personal/Symplex/currency_exchange/node_modules/jest-circus/build/utils.js:259:10)
    at _callCircusTest (/Users/mantastrasauskas/Workspace/Personal/Symplex/currency_exchange/node_modules/jest-circus/build/run.js:276:40)
    at processTicksAndRejections (node:internal/process/task_queues:95:5)
    at _runTest (/Users/mantastrasauskas/Workspace/Personal/Symplex/currency_exchange/node_modules/jest-circus/build/run.js:208:3)
    at _runTestsForDescribeBlock (/Users/mantastrasauskas/Workspace/Personal/Symplex/currency_exchange/node_modules/jest-circus/build/run.js:96:9)
    at _runTestsForDescribeBlock (/Users/mantastrasauskas/Workspace/Personal/Symplex/currency_exchange/node_modules/jest-circus/build/run.js:90:9)
    at run (/Users/mantastrasauskas/Workspace/Personal/Symplex/currency_exchange/node_modules/jest-circus/build/run.js:31:3)</failure>
    </testcase>
  </testsuite>
</testsuites>